\BOOKMARK [0][-]{chapter.1}{\376\377\000I\000n\000t\000r\000o\000d\000u\000c\000t\000i\000o\000n}{}% 1
\BOOKMARK [1][-]{section.1.1}{\376\377\000T\000h\000e\000\040\000C\000o\000r\000e\000\040\000I\000n\000n\000o\000v\000a\000t\000i\000o\000n}{chapter.1}% 2
\BOOKMARK [1][-]{section.1.2}{\376\377\000K\000e\000y\000\040\000F\000e\000a\000t\000u\000r\000e\000s}{chapter.1}% 3
\BOOKMARK [2][-]{subsection.1.2.1}{\376\377\000P\000r\000e\000-\000L\000o\000a\000d\000e\000d\000\040\000U\000n\000i\000t\000\040\000N\000e\000t\000w\000o\000r\000k\000s}{section.1.2}% 4
\BOOKMARK [2][-]{subsection.1.2.2}{\376\377\000U\000n\000i\000t\000-\000A\000w\000a\000r\000e\000\040\000C\000a\000l\000c\000u\000l\000a\000t\000i\000o\000n\000s}{section.1.2}% 5
\BOOKMARK [2][-]{subsection.1.2.3}{\376\377\000M\000u\000l\000t\000i\000p\000l\000e\000\040\000S\000e\000a\000r\000c\000h\000\040\000A\000l\000g\000o\000r\000i\000t\000h\000m\000s}{section.1.2}% 6
\BOOKMARK [2][-]{subsection.1.2.4}{\376\377\000D\000i\000m\000e\000n\000s\000i\000o\000n\000a\000l\000\040\000V\000a\000l\000i\000d\000a\000t\000i\000o\000n}{section.1.2}% 7
\BOOKMARK [1][-]{section.1.3}{\376\377\000W\000h\000a\000t\000'\000s\000\040\000N\000e\000w\000\040\000i\000n\000\040\000v\0001\000.\0000\000.\0000}{chapter.1}% 8
\BOOKMARK [2][-]{subsection.1.3.1}{\376\377\000N\000e\000w\000\040\000U\000t\000i\000l\000i\000t\000y\000\040\000A\000P\000I\000s}{section.1.3}% 9
\BOOKMARK [2][-]{subsection.1.3.2}{\376\377\000A\000l\000i\000a\000s\000\040\000C\000o\000n\000f\000l\000i\000c\000t\000\040\000D\000i\000a\000g\000n\000o\000s\000t\000i\000c\000s}{section.1.3}% 10
\BOOKMARK [2][-]{subsection.1.3.3}{\376\377\000E\000x\000p\000a\000n\000d\000e\000d\000\040\000S\000I\000\040\000P\000r\000e\000f\000i\000x\000\040\000R\000a\000n\000g\000e}{section.1.3}% 11
\BOOKMARK [1][-]{section.1.4}{\376\377\000U\000s\000e\000\040\000C\000a\000s\000e\000s}{chapter.1}% 12
\BOOKMARK [1][-]{section.1.5}{\376\377\000D\000e\000s\000i\000g\000n\000\040\000P\000h\000i\000l\000o\000s\000o\000p\000h\000y}{chapter.1}% 13
\BOOKMARK [0][-]{chapter.2}{\376\377\000I\000n\000s\000t\000a\000l\000l\000a\000t\000i\000o\000n}{}% 14
\BOOKMARK [1][-]{section.2.1}{\376\377\000R\000e\000q\000u\000i\000r\000e\000m\000e\000n\000t\000s}{chapter.2}% 15
\BOOKMARK [2][-]{subsection.2.1.1}{\376\377\000P\000y\000t\000h\000o\000n\000\040\000V\000e\000r\000s\000i\000o\000n}{section.2.1}% 16
\BOOKMARK [2][-]{subsection.2.1.2}{\376\377\000C\000o\000r\000e\000\040\000D\000e\000p\000e\000n\000d\000e\000n\000c\000i\000e\000s}{section.2.1}% 17
\BOOKMARK [2][-]{subsection.2.1.3}{\376\377\000O\000p\000t\000i\000o\000n\000a\000l\000\040\000D\000e\000p\000e\000n\000d\000e\000n\000c\000i\000e\000s}{section.2.1}% 18
\BOOKMARK [1][-]{section.2.2}{\376\377\000I\000n\000s\000t\000a\000l\000l\000a\000t\000i\000o\000n\000\040\000M\000e\000t\000h\000o\000d\000s}{chapter.2}% 19
\BOOKMARK [2][-]{subsection.2.2.1}{\376\377\000I\000n\000s\000t\000a\000l\000l\000\040\000f\000r\000o\000m\000\040\000P\000y\000P\000I\000\040\000\050\000R\000e\000c\000o\000m\000m\000e\000n\000d\000e\000d\000\051}{section.2.2}% 20
\BOOKMARK [2][-]{subsection.2.2.2}{\376\377\000U\000p\000g\000r\000a\000d\000e\000\040\000t\000o\000\040\000L\000a\000t\000e\000s\000t\000\040\000V\000e\000r\000s\000i\000o\000n}{section.2.2}% 21
\BOOKMARK [2][-]{subsection.2.2.3}{\376\377\000I\000n\000s\000t\000a\000l\000l\000\040\000f\000r\000o\000m\000\040\000S\000o\000u\000r\000c\000e}{section.2.2}% 22
\BOOKMARK [1][-]{section.2.3}{\376\377\000V\000e\000r\000i\000f\000i\000c\000a\000t\000i\000o\000n}{chapter.2}% 23
\BOOKMARK [1][-]{section.2.4}{\376\377\000F\000i\000r\000s\000t\000-\000T\000i\000m\000e\000\040\000S\000e\000t\000u\000p}{chapter.2}% 24
\BOOKMARK [1][-]{section.2.5}{\376\377\000C\000o\000n\000f\000i\000g\000u\000r\000a\000t\000i\000o\000n\000\040\000F\000i\000l\000e\000s}{chapter.2}% 25
\BOOKMARK [1][-]{section.2.6}{\376\377\000T\000r\000o\000u\000b\000l\000e\000s\000h\000o\000o\000t\000i\000n\000g\000\040\000I\000n\000s\000t\000a\000l\000l\000a\000t\000i\000o\000n}{chapter.2}% 26
\BOOKMARK [2][-]{subsection.2.6.1}{\376\377\000M\000i\000s\000s\000i\000n\000g\000\040\000c\000l\000o\000u\000d\000p\000i\000c\000k\000l\000e}{section.2.6}% 27
\BOOKMARK [2][-]{subsection.2.6.2}{\376\377\000I\000m\000p\000o\000r\000t\000\040\000E\000r\000r\000o\000r\000s}{section.2.6}% 28
\BOOKMARK [2][-]{subsection.2.6.3}{\376\377\000V\000e\000r\000s\000i\000o\000n\000\040\000C\000o\000n\000f\000l\000i\000c\000t\000s}{section.2.6}% 29
\BOOKMARK [0][-]{chapter.3}{\376\377\000Q\000u\000i\000c\000k\000\040\000S\000t\000a\000r\000t}{}% 30
\BOOKMARK [1][-]{section.3.1}{\376\377\000B\000a\000s\000i\000c\000\040\000C\000o\000n\000v\000e\000r\000s\000i\000o\000n}{chapter.3}% 31
\BOOKMARK [1][-]{section.3.2}{\376\377\000C\000r\000e\000a\000t\000i\000n\000g\000\040\000U\000n\000i\000t\000-\000A\000w\000a\000r\000e\000\040\000Q\000u\000a\000n\000t\000i\000t\000i\000e\000s}{chapter.3}% 32
\BOOKMARK [1][-]{section.3.3}{\376\377\000T\000y\000p\000e\000\040\000C\000h\000e\000c\000k\000i\000n\000g}{chapter.3}% 33
\BOOKMARK [1][-]{section.3.4}{\376\377\000C\000o\000n\000v\000e\000r\000t\000i\000n\000g\000\040\000U\000n\000i\000t\000\040\000I\000n\000s\000t\000a\000n\000c\000e\000s}{chapter.3}% 34
\BOOKMARK [1][-]{section.3.5}{\376\377\000W\000o\000r\000k\000i\000n\000g\000\040\000w\000i\000t\000h\000\040\000A\000r\000r\000a\000y\000s}{chapter.3}% 35
\BOOKMARK [1][-]{section.3.6}{\376\377\000C\000o\000n\000t\000r\000o\000l\000l\000i\000n\000g\000\040\000C\000o\000n\000v\000e\000r\000s\000i\000o\000n\000\040\000P\000a\000t\000h\000\040\000D\000i\000s\000p\000l\000a\000y}{chapter.3}% 36
\BOOKMARK [1][-]{section.3.7}{\376\377\000C\000o\000m\000p\000l\000e\000x\000\040\000C\000o\000m\000p\000o\000u\000n\000d\000\040\000U\000n\000i\000t\000\040\000C\000o\000n\000v\000e\000r\000s\000i\000o\000n\000s}{chapter.3}% 37
\BOOKMARK [1][-]{section.3.8}{\376\377\000C\000h\000a\000n\000g\000i\000n\000g\000\040\000t\000h\000e\000\040\000S\000e\000a\000r\000c\000h\000\040\000A\000l\000g\000o\000r\000i\000t\000h\000m}{chapter.3}% 38
\BOOKMARK [0][-]{chapter.4}{\376\377\000T\000h\000e\000\040\000U\000n\000i\000t\000s\000\040\000N\000e\000t\000w\000o\000r\000k}{}% 39
\BOOKMARK [1][-]{section.4.1}{\376\377\000N\000e\000t\000w\000o\000r\000k\000\040\000O\000r\000g\000a\000n\000i\000z\000a\000t\000i\000o\000n\000\040\000P\000r\000i\000n\000c\000i\000p\000l\000e\000s}{chapter.4}% 40
\BOOKMARK [2][-]{subsection.4.1.1}{\376\377\000C\000a\000n\000o\000n\000i\000c\000a\000l\000\040\000D\000e\000f\000i\000n\000i\000t\000i\000o\000n\000s}{section.4.1}% 41
\BOOKMARK [2][-]{subsection.4.1.2}{\376\377\000N\000o\000\040\000D\000u\000p\000l\000i\000c\000a\000t\000e\000\040\000P\000a\000t\000h\000s}{section.4.1}% 42
\BOOKMARK [2][-]{subsection.4.1.3}{\376\377\000M\000o\000d\000u\000l\000a\000r\000\040\000S\000t\000r\000u\000c\000t\000u\000r\000e}{section.4.1}% 43
\BOOKMARK [1][-]{section.4.2}{\376\377\000L\000e\000n\000g\000t\000h\000\040\000N\000e\000t\000w\000o\000r\000k}{chapter.4}% 44
\BOOKMARK [2][-]{subsection.4.2.1}{\376\377\000S\000I\000\040\000P\000r\000e\000f\000i\000x\000\040\000S\000t\000r\000u\000c\000t\000u\000r\000e}{section.4.2}% 45
\BOOKMARK [2][-]{subsection.4.2.2}{\376\377\000I\000m\000p\000e\000r\000i\000a\000l\000\040\000C\000h\000a\000i\000n\000\040\000S\000t\000r\000u\000c\000t\000u\000r\000e}{section.4.2}% 46
\BOOKMARK [2][-]{subsection.4.2.3}{\376\377\000S\000I\000-\000I\000m\000p\000e\000r\000i\000a\000l\000\040\000B\000r\000i\000d\000g\000e}{section.4.2}% 47
\BOOKMARK [2][-]{subsection.4.2.4}{\376\377\000C\000o\000m\000p\000l\000e\000t\000e\000\040\000L\000e\000n\000g\000t\000h\000\040\000N\000e\000t\000w\000o\000r\000k\000\040\000w\000i\000t\000h\000\040\000H\000i\000g\000h\000l\000i\000g\000h\000t\000e\000d\000\040\000P\000a\000t\000h}{section.4.2}% 48
\BOOKMARK [1][-]{section.4.3}{\376\377\000T\000i\000m\000e\000\040\000N\000e\000t\000w\000o\000r\000k}{chapter.4}% 49
\BOOKMARK [1][-]{section.4.4}{\376\377\000T\000e\000m\000p\000e\000r\000a\000t\000u\000r\000e\000\040\000N\000e\000t\000w\000o\000r\000k}{chapter.4}% 50
\BOOKMARK [1][-]{section.4.5}{\376\377\000O\000t\000h\000e\000r\000\040\000N\000e\000t\000w\000o\000r\000k\000\040\000S\000e\000g\000m\000e\000n\000t\000s}{chapter.4}% 51
\BOOKMARK [2][-]{subsection.4.5.1}{\376\377\000V\000o\000l\000u\000m\000e\000\040\000N\000e\000t\000w\000o\000r\000k}{section.4.5}% 52
\BOOKMARK [2][-]{subsection.4.5.2}{\376\377\000P\000r\000e\000s\000s\000u\000r\000e\000\040\000N\000e\000t\000w\000o\000r\000k}{section.4.5}% 53
\BOOKMARK [2][-]{subsection.4.5.3}{\376\377\000M\000a\000s\000s\000\040\000N\000e\000t\000w\000o\000r\000k}{section.4.5}% 54
\BOOKMARK [1][-]{section.4.6}{\376\377\000E\000x\000a\000m\000p\000l\000e\000\040\000C\000o\000n\000v\000e\000r\000s\000i\000o\000n\000\040\000W\000a\000l\000k\000t\000h\000r\000o\000u\000g\000h\000s}{chapter.4}% 55
\BOOKMARK [2][-]{subsection.4.6.1}{\376\377\000S\000i\000m\000p\000l\000e\000\040\000C\000o\000n\000v\000e\000r\000s\000i\000o\000n\000:\000\040\000C\000e\000n\000t\000i\000m\000e\000t\000e\000r\000s\000\040\000t\000o\000\040\000I\000n\000c\000h\000e\000s}{section.4.6}% 56
\BOOKMARK [2][-]{subsection.4.6.2}{\376\377\000C\000o\000m\000p\000l\000e\000x\000\040\000C\000o\000n\000v\000e\000r\000s\000i\000o\000n\000:\000\040\000s\000t\000b\000/\000d\000a\000y\000/\000p\000s\000i\000\040\000t\000o\000\040\000m\0003\000/\000s\000/\000k\000P\000a}{section.4.6}% 57
\BOOKMARK [1][-]{section.4.7}{\376\377\000S\000u\000m\000m\000a\000r\000y}{chapter.4}% 58
\BOOKMARK [0][-]{chapter.5}{\376\377\000U\000n\000d\000e\000r\000\040\000t\000h\000e\000\040\000H\000o\000o\000d\000:\000\040\000T\000h\000e\000\040\000D\000i\000r\000e\000c\000t\000e\000d\000\040\000G\000r\000a\000p\000h\000\040\000F\000o\000u\000n\000d\000a\000t\000i\000o\000n}{}% 59
\BOOKMARK [1][-]{section.5.1}{\376\377\000G\000r\000a\000p\000h\000\040\000T\000h\000e\000o\000r\000y\000\040\000B\000a\000s\000i\000c\000s}{chapter.5}% 60
\BOOKMARK [2][-]{subsection.5.1.1}{\376\377\000W\000h\000a\000t\000\040\000i\000s\000\040\000a\000\040\000D\000i\000r\000e\000c\000t\000e\000d\000\040\000G\000r\000a\000p\000h\000?}{section.5.1}% 61
\BOOKMARK [2][-]{subsection.5.1.2}{\376\377\000G\000r\000a\000p\000h\000s\000\040\000v\000s\000.\000\040\000L\000o\000o\000k\000u\000p\000\040\000T\000a\000b\000l\000e\000s}{section.5.1}% 62
\BOOKMARK [1][-]{section.5.2}{\376\377\000u\000n\000y\000t\000s\000\040\000I\000m\000p\000l\000e\000m\000e\000n\000t\000a\000t\000i\000o\000n}{chapter.5}% 63
\BOOKMARK [2][-]{subsection.5.2.1}{\376\377\000T\000h\000e\000\040\000U\000N\000o\000d\000e\000\040\000C\000l\000a\000s\000s}{section.5.2}% 64
\BOOKMARK [2][-]{subsection.5.2.2}{\376\377\000T\000h\000e\000\040\000C\000o\000n\000v\000e\000r\000s\000i\000o\000n\000\040\000C\000l\000a\000s\000s}{section.5.2}% 65
\BOOKMARK [2][-]{subsection.5.2.3}{\376\377\000T\000h\000e\000\040\000U\000D\000i\000g\000r\000a\000p\000h\000\040\000C\000l\000a\000s\000s}{section.5.2}% 66
\BOOKMARK [2][-]{subsection.5.2.4}{\376\377\000B\000u\000i\000l\000d\000i\000n\000g\000\040\000t\000h\000e\000\040\000N\000e\000t\000w\000o\000r\000k}{section.5.2}% 67
\BOOKMARK [1][-]{section.5.3}{\376\377\000W\000h\000y\000\040\000G\000r\000a\000p\000h\000s\000\040\000W\000i\000n}{chapter.5}% 68
\BOOKMARK [2][-]{subsection.5.3.1}{\376\377\000A\000u\000t\000o\000m\000a\000t\000i\000c\000\040\000P\000a\000t\000h\000\040\000D\000i\000s\000c\000o\000v\000e\000r\000y}{section.5.3}% 69
\BOOKMARK [2][-]{subsection.5.3.2}{\376\377\000B\000i\000d\000i\000r\000e\000c\000t\000i\000o\000n\000a\000l\000\040\000C\000o\000n\000v\000e\000r\000s\000i\000o\000n}{section.5.3}% 70
\BOOKMARK [2][-]{subsection.5.3.3}{\376\377\000C\000o\000m\000p\000o\000s\000a\000b\000i\000l\000i\000t\000y}{section.5.3}% 71
\BOOKMARK [2][-]{subsection.5.3.4}{\376\377\000E\000x\000t\000e\000n\000s\000i\000b\000i\000l\000i\000t\000y}{section.5.3}% 72
\BOOKMARK [1][-]{section.5.4}{\376\377\000D\000i\000m\000e\000n\000s\000i\000o\000n\000a\000l\000\040\000V\000a\000l\000i\000d\000a\000t\000i\000o\000n\000\040\000a\000n\000d\000\040\000F\000a\000i\000l\000-\000F\000a\000s\000t\000\040\000M\000e\000c\000h\000a\000n\000i\000s\000m\000s}{chapter.5}% 73
\BOOKMARK [2][-]{subsection.5.4.1}{\376\377\000T\000h\000e\000\040\000P\000r\000o\000b\000l\000e\000m\000:\000\040\000I\000n\000v\000a\000l\000i\000d\000\040\000D\000i\000m\000e\000n\000s\000i\000o\000n\000a\000l\000\040\000Q\000u\000e\000r\000i\000e\000s}{section.5.4}% 74
\BOOKMARK [2][-]{subsection.5.4.2}{\376\377\000T\000h\000e\000\040\000S\000o\000l\000u\000t\000i\000o\000n\000:\000\040\000E\000m\000p\000t\000y\000\040\000S\000e\000t\000\040\000I\000n\000t\000e\000r\000s\000e\000c\000t\000i\000o\000n}{section.5.4}% 75
\BOOKMARK [2][-]{subsection.5.4.3}{\376\377\000D\000i\000m\000e\000n\000s\000i\000o\000n\000a\000l\000\040\000F\000i\000r\000e\000w\000a\000l\000l\000\040\000V\000i\000s\000u\000a\000l\000i\000z\000a\000t\000i\000o\000n}{section.5.4}% 76
\BOOKMARK [2][-]{subsection.5.4.4}{\376\377\000B\000r\000i\000d\000g\000i\000n\000g\000\040\000D\000i\000s\000c\000o\000n\000n\000e\000c\000t\000e\000d\000\040\000S\000u\000b\000g\000r\000a\000p\000h\000s}{section.5.4}% 77
\BOOKMARK [2][-]{subsection.5.4.5}{\376\377\000E\000r\000r\000o\000r\000\040\000H\000a\000n\000d\000l\000i\000n\000g\000\040\000a\000s\000\040\000a\000\040\000F\000e\000a\000t\000u\000r\000e}{section.5.4}% 78
\BOOKMARK [1][-]{section.5.5}{\376\377\000S\000u\000m\000m\000a\000r\000y}{chapter.5}% 79
\BOOKMARK [0][-]{chapter.6}{\376\377\000S\000e\000a\000r\000c\000h\000\040\000A\000l\000g\000o\000r\000i\000t\000h\000m\000s}{}% 80
\BOOKMARK [1][-]{section.6.1}{\376\377\000B\000r\000e\000a\000d\000t\000h\000-\000F\000i\000r\000s\000t\000\040\000S\000e\000a\000r\000c\000h\000\040\000\050\000B\000F\000S\000\051}{chapter.6}% 81
\BOOKMARK [2][-]{subsection.6.1.1}{\376\377\000A\000l\000g\000o\000r\000i\000t\000h\000m\000\040\000O\000v\000e\000r\000v\000i\000e\000w}{section.6.1}% 82
\BOOKMARK [2][-]{subsection.6.1.2}{\376\377\000I\000m\000p\000l\000e\000m\000e\000n\000t\000a\000t\000i\000o\000n}{section.6.1}% 83
\BOOKMARK [2][-]{subsection.6.1.3}{\376\377\000V\000i\000s\000u\000a\000l\000\040\000E\000x\000a\000m\000p\000l\000e}{section.6.1}% 84
\BOOKMARK [2][-]{subsection.6.1.4}{\376\377\000U\000s\000e\000\040\000C\000a\000s\000e\000s}{section.6.1}% 85
\BOOKMARK [1][-]{section.6.2}{\376\377\000D\000e\000p\000t\000h\000-\000F\000i\000r\000s\000t\000\040\000S\000e\000a\000r\000c\000h\000\040\000\050\000D\000F\000S\000\051}{chapter.6}% 86
\BOOKMARK [2][-]{subsection.6.2.1}{\376\377\000A\000l\000g\000o\000r\000i\000t\000h\000m\000\040\000O\000v\000e\000r\000v\000i\000e\000w}{section.6.2}% 87
\BOOKMARK [2][-]{subsection.6.2.2}{\376\377\000I\000m\000p\000l\000e\000m\000e\000n\000t\000a\000t\000i\000o\000n\000\040\000w\000i\000t\000h\000\040\000D\000e\000s\000c\000e\000n\000d\000a\000n\000t\000\040\000F\000i\000l\000t\000e\000r\000i\000n\000g}{section.6.2}% 88
\BOOKMARK [2][-]{subsection.6.2.3}{\376\377\000V\000i\000s\000u\000a\000l\000\040\000E\000x\000a\000m\000p\000l\000e}{section.6.2}% 89
\BOOKMARK [2][-]{subsection.6.2.4}{\376\377\000U\000s\000e\000\040\000C\000a\000s\000e\000s}{section.6.2}% 90
\BOOKMARK [1][-]{section.6.3}{\376\377\000l\000e\000a\000n\000\137\000B\000F\000S\000\040\000\050\000O\000p\000t\000i\000m\000i\000z\000e\000d\000\040\000B\000F\000S\000\051}{chapter.6}% 91
\BOOKMARK [2][-]{subsection.6.3.1}{\376\377\000I\000n\000n\000o\000v\000a\000t\000i\000o\000n\000:\000\040\000N\000e\000t\000w\000o\000r\000k\000\040\000P\000r\000u\000n\000i\000n\000g}{section.6.3}% 92
\BOOKMARK [2][-]{subsection.6.3.2}{\376\377\000M\000u\000l\000t\000i\000-\000G\000e\000n\000e\000r\000a\000t\000i\000o\000n\000\040\000S\000t\000r\000a\000t\000e\000g\000y}{section.6.3}% 93
\BOOKMARK [2][-]{subsection.6.3.3}{\376\377\000P\000e\000r\000f\000o\000r\000m\000a\000n\000c\000e\000\040\000G\000a\000i\000n\000s}{section.6.3}% 94
\BOOKMARK [2][-]{subsection.6.3.4}{\376\377\000U\000s\000e\000\040\000C\000a\000s\000e\000s}{section.6.3}% 95
\BOOKMARK [1][-]{section.6.4}{\376\377\000h\000y\000b\000r\000i\000d\000\137\000B\000F\000S\000\040\000\050\000P\000a\000r\000a\000l\000l\000e\000l\000\040\000S\000e\000a\000r\000c\000h\000\051}{chapter.6}% 96
\BOOKMARK [2][-]{subsection.6.4.1}{\376\377\000C\000o\000n\000c\000u\000r\000r\000e\000n\000t\000\040\000E\000x\000e\000c\000u\000t\000i\000o\000n}{section.6.4}% 97
\BOOKMARK [2][-]{subsection.6.4.2}{\376\377\000P\000a\000r\000a\000l\000l\000e\000l\000i\000z\000a\000t\000i\000o\000n\000\040\000O\000p\000t\000i\000o\000n\000s}{section.6.4}% 98
\BOOKMARK [2][-]{subsection.6.4.3}{\376\377\000U\000s\000e\000\040\000C\000a\000s\000e\000s}{section.6.4}% 99
\BOOKMARK [1][-]{section.6.5}{\376\377\000A\000l\000g\000o\000r\000i\000t\000h\000m\000\040\000C\000o\000m\000p\000a\000r\000i\000s\000o\000n}{chapter.6}% 100
\BOOKMARK [2][-]{subsection.6.5.1}{\376\377\000S\000e\000l\000e\000c\000t\000i\000o\000n\000\040\000G\000u\000i\000d\000e\000l\000i\000n\000e\000s}{section.6.5}% 101
\BOOKMARK [1][-]{section.6.6}{\376\377\000S\000u\000m\000m\000a\000r\000y}{chapter.6}% 102
\BOOKMARK [0][-]{chapter.7}{\376\377\000G\000r\000a\000p\000h\000i\000c\000a\000l\000\040\000U\000s\000e\000r\000\040\000I\000n\000t\000e\000r\000f\000a\000c\000e}{}% 103
\BOOKMARK [1][-]{section.7.1}{\376\377\000M\000a\000i\000n\000\040\000W\000i\000n\000d\000o\000w}{chapter.7}% 104
\BOOKMARK [1][-]{section.7.2}{\376\377\000B\000i\000d\000i\000r\000e\000c\000t\000i\000o\000n\000a\000l\000\040\000C\000o\000n\000v\000e\000r\000s\000i\000o\000n}{chapter.7}% 105
\BOOKMARK [1][-]{section.7.3}{\376\377\000F\000i\000l\000e\000\040\000M\000e\000n\000u}{chapter.7}% 106
\BOOKMARK [2][-]{subsection.7.3.1}{\376\377\000C\000o\000n\000v\000e\000r\000s\000i\000o\000n\000s\000\040\000M\000e\000m\000o\000r\000y}{section.7.3}% 107
\BOOKMARK [2][-]{subsection.7.3.2}{\376\377\000D\000e\000l\000e\000t\000e\000\040\000C\000a\000c\000h\000e\000\040\000F\000i\000l\000e\000s}{section.7.3}% 108
\BOOKMARK [1][-]{section.7.4}{\376\377\000O\000p\000t\000i\000o\000n\000s\000\040\000M\000e\000n\000u}{chapter.7}% 109
\BOOKMARK [2][-]{subsection.7.4.1}{\376\377\000S\000e\000t\000\040\000F\000V\000F\000\040\000\050\000F\000o\000r\000m\000a\000t\000i\000o\000n\000\040\000V\000o\000l\000u\000m\000e\000\040\000F\000a\000c\000t\000o\000r\000\051}{section.7.4}% 110
\BOOKMARK [2][-]{subsection.7.4.2}{\376\377\000S\000e\000t\000\040\000D\000e\000n\000s\000i\000t\000y}{section.7.4}% 111
\BOOKMARK [2][-]{subsection.7.4.3}{\376\377\000G\000e\000n\000e\000r\000a\000l\000\040\000O\000p\000t\000i\000o\000n\000s}{section.7.4}% 112
\BOOKMARK [2][-]{subsection.7.4.4}{\376\377\000S\000e\000a\000r\000c\000h\000\040\000A\000l\000g\000o\000r\000i\000t\000h\000m}{section.7.4}% 113
\BOOKMARK [2][-]{subsection.7.4.5}{\376\377\000P\000a\000r\000a\000l\000l\000e\000l}{section.7.4}% 114
\BOOKMARK [1][-]{section.7.5}{\376\377\000H\000e\000l\000p\000\040\000M\000e\000n\000u}{chapter.7}% 115
\BOOKMARK [1][-]{section.7.6}{\376\377\000C\000o\000n\000v\000e\000r\000s\000i\000o\000n\000\040\000P\000a\000t\000h\000\040\000D\000i\000s\000p\000l\000a\000y}{chapter.7}% 116
\BOOKMARK [1][-]{section.7.7}{\376\377\000E\000r\000r\000o\000r\000\040\000H\000a\000n\000d\000l\000i\000n\000g\000\040\000i\000n\000\040\000G\000U\000I}{chapter.7}% 117
\BOOKMARK [0][-]{chapter.8}{\376\377\000P\000y\000t\000h\000o\000n\000\040\000A\000P\000I\000\040\000R\000e\000f\000e\000r\000e\000n\000c\000e}{}% 118
\BOOKMARK [1][-]{section.8.1}{\376\377\000C\000o\000r\000e\000\040\000F\000u\000n\000c\000t\000i\000o\000n\000s}{chapter.8}% 119
\BOOKMARK [2][-]{subsection.8.1.1}{\376\377\000c\000o\000n\000v\000e\000r\000t\000\050\000\051}{section.8.1}% 120
\BOOKMARK [2][-]{subsection.8.1.2}{\376\377\000u\000n\000i\000t\000s\000\050\000\051}{section.8.1}% 121
\BOOKMARK [1][-]{section.8.2}{\376\377\000U\000n\000i\000t\000\040\000C\000l\000a\000s\000s}{chapter.8}% 122
\BOOKMARK [2][-]{subsection.8.2.1}{\376\377\000A\000t\000t\000r\000i\000b\000u\000t\000e\000s}{section.8.2}% 123
\BOOKMARK [2][-]{subsection.8.2.2}{\376\377\000A\000r\000i\000t\000h\000m\000e\000t\000i\000c\000\040\000O\000p\000e\000r\000a\000t\000i\000o\000n\000s}{section.8.2}% 124
\BOOKMARK [2][-]{subsection.8.2.3}{\376\377\000C\000o\000m\000p\000a\000r\000i\000s\000o\000n\000\040\000O\000p\000e\000r\000a\000t\000o\000r\000s}{section.8.2}% 125
\BOOKMARK [2][-]{subsection.8.2.4}{\376\377\000.\000t\000o\000\050\000\051\000\040\000M\000e\000t\000h\000o\000d}{section.8.2}% 126
\BOOKMARK [1][-]{section.8.3}{\376\377\000M\000o\000d\000u\000l\000e\000-\000L\000e\000v\000e\000l\000\040\000F\000u\000n\000c\000t\000i\000o\000n\000s}{chapter.8}% 127
\BOOKMARK [2][-]{subsection.8.3.1}{\376\377\000C\000o\000n\000f\000i\000g\000u\000r\000a\000t\000i\000o\000n}{section.8.3}% 128
\BOOKMARK [2][-]{subsection.8.3.2}{\376\377\000M\000e\000m\000o\000r\000y\000\040\000M\000a\000n\000a\000g\000e\000m\000e\000n\000t}{section.8.3}% 129
\BOOKMARK [2][-]{subsection.8.3.3}{\376\377\000P\000a\000t\000h\000\040\000I\000n\000s\000p\000e\000c\000t\000i\000o\000n}{section.8.3}% 130
\BOOKMARK [2][-]{subsection.8.3.4}{\376\377\000C\000u\000s\000t\000o\000m\000\040\000U\000n\000i\000t\000s\000\040\000a\000n\000d\000\040\000C\000o\000n\000v\000e\000r\000s\000i\000o\000n\000s}{section.8.3}% 131
\BOOKMARK [2][-]{subsection.8.3.5}{\376\377\000F\000o\000r\000m\000a\000t\000i\000o\000n\000\040\000V\000o\000l\000u\000m\000e\000\040\000F\000a\000c\000t\000o\000r\000\040\000\050\000F\000V\000F\000\051}{section.8.3}% 132
\BOOKMARK [2][-]{subsection.8.3.6}{\376\377\000C\000o\000n\000s\000t\000a\000n\000t\000\040\000D\000e\000n\000s\000i\000t\000y}{section.8.3}% 133
\BOOKMARK [1][-]{section.8.4}{\376\377\000T\000y\000p\000e\000\040\000C\000h\000e\000c\000k\000i\000n\000g\000\040\000a\000n\000d\000\040\000S\000u\000b\000c\000l\000a\000s\000s\000e\000s}{chapter.8}% 134
\BOOKMARK [1][-]{section.8.5}{\376\377\000N\000u\000m\000P\000y\000\040\000a\000n\000d\000\040\000P\000a\000n\000d\000a\000s\000\040\000I\000n\000t\000e\000g\000r\000a\000t\000i\000o\000n}{chapter.8}% 135
\BOOKMARK [1][-]{section.8.6}{\376\377\000U\000n\000c\000e\000r\000t\000a\000i\000n\000\040\000U\000n\000i\000t\000s}{chapter.8}% 136
\BOOKMARK [0][-]{chapter.9}{\376\377\000T\000r\000o\000u\000b\000l\000e\000s\000h\000o\000o\000t\000i\000n\000g}{}% 137
\BOOKMARK [1][-]{section.9.1}{\376\377\000I\000n\000s\000t\000a\000l\000l\000a\000t\000i\000o\000n\000\040\000I\000s\000s\000u\000e\000s}{chapter.9}% 138
\BOOKMARK [2][-]{subsection.9.1.1}{\376\377\000M\000o\000d\000u\000l\000e\000\040\000N\000o\000t\000\040\000F\000o\000u\000n\000d}{section.9.1}% 139
\BOOKMARK [2][-]{subsection.9.1.2}{\376\377\000D\000e\000p\000e\000n\000d\000e\000n\000c\000y\000\040\000C\000o\000n\000f\000l\000i\000c\000t\000s}{section.9.1}% 140
\BOOKMARK [1][-]{section.9.2}{\376\377\000C\000o\000n\000v\000e\000r\000s\000i\000o\000n\000\040\000E\000r\000r\000o\000r\000s}{chapter.9}% 141
\BOOKMARK [2][-]{subsection.9.2.1}{\376\377\000N\000o\000C\000o\000n\000v\000e\000r\000s\000i\000o\000n\000F\000o\000u\000n\000d\000E\000r\000r\000o\000r}{section.9.2}% 142
\BOOKMARK [2][-]{subsection.9.2.2}{\376\377\000S\000e\000a\000r\000c\000h\000T\000i\000m\000e\000o\000u\000t\000E\000r\000r\000o\000r}{section.9.2}% 143
\BOOKMARK [2][-]{subsection.9.2.3}{\376\377\000N\000o\000F\000V\000F\000E\000r\000r\000o\000r}{section.9.2}% 144
\BOOKMARK [2][-]{subsection.9.2.4}{\376\377\000W\000r\000o\000n\000g\000F\000o\000r\000m\000a\000t\000E\000r\000r\000o\000r}{section.9.2}% 145
\BOOKMARK [1][-]{section.9.3}{\376\377\000G\000U\000I\000\040\000I\000s\000s\000u\000e\000s}{chapter.9}% 146
\BOOKMARK [2][-]{subsection.9.3.1}{\376\377\000G\000U\000I\000\040\000W\000o\000n\000'\000t\000\040\000L\000a\000u\000n\000c\000h}{section.9.3}% 147
\BOOKMARK [2][-]{subsection.9.3.2}{\376\377\000G\000U\000I\000\040\000C\000r\000a\000s\000h\000e\000s\000\040\000o\000n\000\040\000C\000o\000n\000v\000e\000r\000s\000i\000o\000n}{section.9.3}% 148
\BOOKMARK [1][-]{section.9.4}{\376\377\000P\000e\000r\000f\000o\000r\000m\000a\000n\000c\000e\000\040\000I\000s\000s\000u\000e\000s}{chapter.9}% 149
\BOOKMARK [2][-]{subsection.9.4.1}{\376\377\000S\000l\000o\000w\000\040\000F\000i\000r\000s\000t\000\040\000C\000o\000n\000v\000e\000r\000s\000i\000o\000n}{section.9.4}% 150
\BOOKMARK [2][-]{subsection.9.4.2}{\376\377\000S\000l\000o\000w\000\040\000S\000u\000b\000s\000e\000q\000u\000e\000n\000t\000\040\000C\000o\000n\000v\000e\000r\000s\000i\000o\000n\000s}{section.9.4}% 151
\BOOKMARK [1][-]{section.9.5}{\376\377\000C\000a\000c\000h\000e\000\040\000C\000o\000r\000r\000u\000p\000t\000i\000o\000n}{chapter.9}% 152
\BOOKMARK [1][-]{section.9.6}{\376\377\000L\000o\000g\000g\000i\000n\000g\000\040\000a\000n\000d\000\040\000D\000e\000b\000u\000g\000g\000i\000n\000g}{chapter.9}% 153
\BOOKMARK [2][-]{subsection.9.6.1}{\376\377\000E\000n\000a\000b\000l\000e\000\040\000V\000e\000r\000b\000o\000s\000e\000\040\000M\000o\000d\000e}{section.9.6}% 154
\BOOKMARK [2][-]{subsection.9.6.2}{\376\377\000A\000d\000j\000u\000s\000t\000\040\000L\000o\000g\000g\000i\000n\000g\000\040\000L\000e\000v\000e\000l}{section.9.6}% 155
\BOOKMARK [2][-]{subsection.9.6.3}{\376\377\000I\000n\000s\000p\000e\000c\000t\000\040\000N\000e\000t\000w\000o\000r\000k\000\040\000S\000t\000r\000u\000c\000t\000u\000r\000e}{section.9.6}% 156
\BOOKMARK [1][-]{section.9.7}{\376\377\000G\000e\000t\000t\000i\000n\000g\000\040\000H\000e\000l\000p}{chapter.9}% 157
\BOOKMARK [0][-]{appendix.A}{\376\377\000C\000o\000m\000p\000r\000e\000h\000e\000n\000s\000i\000v\000e\000\040\000U\000n\000i\000t\000\040\000R\000e\000f\000e\000r\000e\000n\000c\000e}{}% 158
\BOOKMARK [1][-]{section.A.1}{\376\377\000L\000e\000n\000g\000t\000h\000\040\000U\000n\000i\000t\000s}{appendix.A}% 159
\BOOKMARK [1][-]{section.A.2}{\376\377\000M\000a\000s\000s\000\040\000U\000n\000i\000t\000s}{appendix.A}% 160
\BOOKMARK [1][-]{section.A.3}{\376\377\000T\000i\000m\000e\000\040\000U\000n\000i\000t\000s}{appendix.A}% 161
\BOOKMARK [1][-]{section.A.4}{\376\377\000T\000e\000m\000p\000e\000r\000a\000t\000u\000r\000e\000\040\000U\000n\000i\000t\000s}{appendix.A}% 162
\BOOKMARK [1][-]{section.A.5}{\376\377\000V\000o\000l\000u\000m\000e\000\040\000U\000n\000i\000t\000s}{appendix.A}% 163
\BOOKMARK [1][-]{section.A.6}{\376\377\000P\000r\000e\000s\000s\000u\000r\000e\000\040\000U\000n\000i\000t\000s}{appendix.A}% 164
\BOOKMARK [1][-]{section.A.7}{\376\377\000P\000r\000e\000s\000s\000u\000r\000e\000\040\000G\000r\000a\000d\000i\000e\000n\000t\000\040\000U\000n\000i\000t\000s}{appendix.A}% 165
\BOOKMARK [1][-]{section.A.8}{\376\377\000A\000r\000e\000a\000\040\000U\000n\000i\000t\000s}{appendix.A}% 166
\BOOKMARK [1][-]{section.A.9}{\376\377\000D\000e\000n\000s\000i\000t\000y\000\040\000U\000n\000i\000t\000s}{appendix.A}% 167
\BOOKMARK [1][-]{section.A.10}{\376\377\000V\000e\000l\000o\000c\000i\000t\000y\000\040\000/\000\040\000S\000p\000e\000e\000d\000\040\000U\000n\000i\000t\000s}{appendix.A}% 168
\BOOKMARK [1][-]{section.A.11}{\376\377\000R\000a\000t\000e\000\040\000U\000n\000i\000t\000s}{appendix.A}% 169
\BOOKMARK [1][-]{section.A.12}{\376\377\000F\000o\000r\000c\000e\000\040\000U\000n\000i\000t\000s}{appendix.A}% 170
\BOOKMARK [1][-]{section.A.13}{\376\377\000E\000n\000e\000r\000g\000y\000\040\000/\000\040\000W\000o\000r\000k\000\040\000/\000\040\000H\000e\000a\000t\000\040\000U\000n\000i\000t\000s}{appendix.A}% 171
\BOOKMARK [1][-]{section.A.14}{\376\377\000P\000o\000w\000e\000r\000\040\000U\000n\000i\000t\000s}{appendix.A}% 172
\BOOKMARK [1][-]{section.A.15}{\376\377\000V\000i\000s\000c\000o\000s\000i\000t\000y\000\040\000U\000n\000i\000t\000s}{appendix.A}% 173
\BOOKMARK [1][-]{section.A.16}{\376\377\000P\000e\000r\000m\000e\000a\000b\000i\000l\000i\000t\000y\000\040\000U\000n\000i\000t\000s}{appendix.A}% 174
\BOOKMARK [1][-]{section.A.17}{\376\377\000D\000a\000t\000a\000\040\000U\000n\000i\000t\000s}{appendix.A}% 175
\BOOKMARK [1][-]{section.A.18}{\376\377\000D\000i\000m\000e\000n\000s\000i\000o\000n\000l\000e\000s\000s\000\040\000Q\000u\000a\000n\000t\000i\000t\000i\000e\000s}{appendix.A}% 176
\BOOKMARK [1][-]{section.A.19}{\376\377\000N\000o\000t\000e\000s\000\040\000o\000n\000\040\000U\000n\000i\000t\000\040\000S\000e\000l\000e\000c\000t\000i\000o\000n}{appendix.A}% 177
\BOOKMARK [2][-]{subsection.A.19.1}{\376\377\000S\000I\000\040\000v\000s\000.\000\040\000I\000m\000p\000e\000r\000i\000a\000l\000\040\000C\000h\000o\000i\000c\000e}{section.A.19}% 178
\BOOKMARK [2][-]{subsection.A.19.2}{\376\377\000P\000e\000t\000r\000o\000l\000e\000u\000m\000\040\000A\000b\000b\000r\000e\000v\000i\000a\000t\000i\000o\000n\000s}{section.A.19}% 179
\BOOKMARK [2][-]{subsection.A.19.3}{\376\377\000T\000e\000m\000p\000e\000r\000a\000t\000u\000r\000e\000\040\000N\000o\000t\000e\000s}{section.A.19}% 180
\BOOKMARK [1][-]{section.A.20}{\376\377\000E\000x\000t\000e\000n\000d\000i\000n\000g\000\040\000t\000h\000e\000\040\000U\000n\000i\000t\000\040\000D\000a\000t\000a\000b\000a\000s\000e}{appendix.A}% 181
\BOOKMARK [0][-]{appendix.B}{\376\377\000F\000o\000u\000n\000d\000a\000t\000i\000o\000n\000a\000l\000\040\000C\000o\000n\000v\000e\000r\000s\000i\000o\000n\000\040\000D\000e\000f\000i\000n\000i\000t\000i\000o\000n\000s}{}% 182
